// Jest Snapshot v1, https://goo.gl/fbAQLP

exports[`ScreenOverlay Tests should render 1`] = `
<View
  onTouchEndCapture={[Function]}
  style={
    Array [
      Object {
        "alignItems": "center",
        "backgroundColor": "rgba(0,0,0,0.5)",
        "bottom": 0,
        "flex": 1,
        "justifyContent": "center",
        "left": 0,
        "position": "absolute",
        "right": 0,
        "top": 0,
      },
      undefined,
    ]
  }
>
  <View
    pointerEvents="box-none"
    style={
      Array [
        Object {
          "backgroundColor": "#f2f2f2",
          "zIndex": 5,
        },
        undefined,
      ]
    }
  />
</View>
`;
